2025-10-07 19:35:26,445 WARNING database DDL Query made to DB:
DROP USER IF EXISTS '_52757c7bdde86aa0'@'%'
2025-10-07 19:35:26,445 WARNING database DDL Query made to DB:
DROP DATABASE IF EXISTS `_52757c7bdde86aa0`
2025-10-07 19:35:26,446 WARNING database DDL Query made to DB:
CREATE USER '_52757c7bdde86aa0'@'%' IDENTIFIED BY 'N2qgvsbw8cZoVqpO'
2025-10-07 19:35:26,448 WARNING database DDL Query made to DB:
CREATE DATABASE `_52757c7bdde86aa0` CHARACTER SET utf8mb4 COLLATE utf8mb4_unicode_ci
2025-10-07 19:35:26,533 WARNING database DDL Query made to DB:
create table if not exists `__Auth` (
				`doctype` VARCHAR(140) NOT NULL,
				`name` VARCHAR(255) NOT NULL,
				`fieldname` VARCHAR(140) NOT NULL,
				`password` TEXT NOT NULL,
				`encrypted` INT(1) NOT NULL DEFAULT 0,
				PRIMARY KEY (`doctype`, `name`, `fieldname`)
			) ENGINE=InnoDB ROW_FORMAT=DYNAMIC CHARACTER SET=utf8mb4 COLLATE=utf8mb4_unicode_ci
2025-10-07 19:35:26,534 WARNING database DDL Query made to DB:
create table __global_search(
				doctype varchar(100),
				name varchar(140),
				title varchar(140),
				content text,
				fulltext(content),
				route varchar(140),
				published int(1) not null default 0,
				unique `doctype_name` (doctype, name))
				COLLATE=utf8mb4_unicode_ci
				ENGINE=MyISAM
				CHARACTER SET=utf8mb4
2025-10-07 19:35:26,536 WARNING database DDL Query made to DB:
create table if not exists __UserSettings (
			`user` VARCHAR(180) NOT NULL,
			`doctype` VARCHAR(180) NOT NULL,
			`data` TEXT,
			UNIQUE(user, doctype)
			) ENGINE=InnoDB DEFAULT CHARSET=utf8mb4 COLLATE=utf8mb4_unicode_ci
2025-10-07 19:35:26,801 WARNING database DDL Query made to DB:
create table `tabDocType State` (
			name varchar(140) primary key,
			creation datetime(6),
			modified datetime(6),
			modified_by varchar(140),
			owner varchar(140),
			docstatus int(1) not null default '0',
			idx int(8) not null default '0',
			`title` varchar(140),
`color` varchar(140) default 'Blue',
`custom` int(1) not null default 0,
parent varchar(140),
parentfield varchar(140),
parenttype varchar(140),
index parent(parent))
			ENGINE=InnoDB
			ROW_FORMAT=DYNAMIC
			CHARACTER SET=utf8mb4
			COLLATE=utf8mb4_unicode_ci
2025-10-07 19:40:08,352 WARNING database DDL Query made to DB:
DROP DATABASE IF EXISTS `_52757c7bdde86aa0`
2025-10-07 19:40:08,353 WARNING database DDL Query made to DB:
DROP USER IF EXISTS '_52757c7bdde86aa0'@'%'
2025-10-07 19:40:08,354 WARNING database DDL Query made to DB:
DROP USER IF EXISTS '_52757c7bdde86aa0'@'192.168.65.1'
