2025-10-07 18:56:11,843 DEBUG cd bench && /Users/thaidoantuan/workspace/frappe-dev/.venv/bin/python3 -m venv env
2025-10-07 18:56:13,892 DEBUG cd bench && /Users/thaidoantuan/workspace/frappe-dev/bench/env/bin/python -m pip install --quiet --upgrade pip
2025-10-07 18:56:15,139 DEBUG cd bench && /Users/thaidoantuan/workspace/frappe-dev/bench/env/bin/python -m pip install --quiet wheel
2025-10-07 18:56:16,678 LOG Getting frappe
2025-10-07 18:56:16,679 DEBUG cd bench/apps && git clone https://github.com/frappe/frappe.git --branch version-15 --depth 1 --origin upstream
2025-10-07 18:56:26,890 LOG Installing frappe
2025-10-07 18:56:26,891 DEBUG cd /Users/thaidoantuan/workspace/frappe-dev/bench && /Users/thaidoantuan/workspace/frappe-dev/bench/env/bin/python -m pip install --quiet --upgrade -e /Users/thaidoantuan/workspace/frappe-dev/bench/apps/frappe 
2025-10-07 18:57:42,284 DEBUG cd /Users/thaidoantuan/workspace/frappe-dev/bench/apps/frappe && yarn install --check-files
2025-10-07 18:58:06,877 LOG setting up backups
2025-10-07 18:58:09,461 LOG backups were set up
2025-10-07 18:58:09,462 INFO Bench bench initialized
2025-10-07 18:58:10,388 INFO /Users/thaidoantuan/workspace/frappe-dev/.venv/bin/bench get-app --branch version-15 erpnext https://github.com/frappe/erpnext
2025-10-07 18:58:10,418 LOG Getting erpnext
2025-10-07 18:58:10,419 DEBUG cd ./apps && git clone https://github.com/frappe/erpnext --branch version-15 --depth 1 --origin upstream
2025-10-07 18:58:22,646 LOG Installing erpnext
2025-10-07 18:58:22,646 DEBUG cd /Users/thaidoantuan/workspace/frappe-dev/bench && /Users/thaidoantuan/workspace/frappe-dev/bench/env/bin/python -m pip install --quiet --upgrade -e /Users/thaidoantuan/workspace/frappe-dev/bench/apps/erpnext 
2025-10-07 18:58:55,653 DEBUG cd /Users/thaidoantuan/workspace/frappe-dev/bench/apps/erpnext && yarn install --check-files
2025-10-07 18:58:56,038 DEBUG bench build --app erpnext
2025-10-07 18:58:56,164 INFO /Users/thaidoantuan/workspace/frappe-dev/.venv/bin/bench build --app erpnext
2025-10-07 18:59:03,229 INFO /Users/thaidoantuan/workspace/frappe-dev/.venv/bin/bench new-site erp.local --admin-password admin --mariadb-root-password frappe --db-host 127.0.0.1 --db-port 3307 --no-mariadb-socket
2025-10-07 19:03:08,931 INFO /Users/thaidoantuan/workspace/frappe-dev/.venv/bin/bench set-config -g redis_cache redis://127.0.0.1:6379
2025-10-07 19:03:26,612 INFO /Users/thaidoantuan/workspace/frappe-dev/.venv/bin/bench --site erp.local list-apps
2025-10-07 19:28:45,105 INFO /Users/thaidoantuan/workspace/frappe-dev/.venv/bin/bench --site erp.local list-apps
2025-10-07 19:28:46,037 INFO /Users/thaidoantuan/workspace/frappe-dev/.venv/bin/bench drop-site erp.local --root-password frappe --force
2025-10-07 19:28:46,689 INFO /Users/thaidoantuan/workspace/frappe-dev/.venv/bin/bench new-site erp.local --admin-password admin --mariadb-root-password frappe --db-host 127.0.0.1 --db-port 3307 --no-mariadb-socket
2025-10-07 19:35:24,820 INFO /Users/thaidoantuan/workspace/frappe-dev/.venv/bin/bench --site erp.local list-apps
2025-10-07 19:35:25,383 INFO /Users/thaidoantuan/workspace/frappe-dev/.venv/bin/bench drop-site erp.local --root-password frappe --force
2025-10-07 19:35:26,181 INFO /Users/thaidoantuan/workspace/frappe-dev/.venv/bin/bench new-site erp.local --admin-password admin --mariadb-root-password frappe --db-host 127.0.0.1 --db-port 3307 --no-mariadb-socket
2025-10-07 19:35:28,031 INFO /Users/thaidoantuan/workspace/frappe-dev/.venv/bin/bench start
2025-10-07 19:40:06,123 INFO /Users/thaidoantuan/workspace/frappe-dev/.venv/bin/bench set-config -g redis_cache redis://127.0.0.1:6379
2025-10-07 19:40:06,660 INFO /Users/thaidoantuan/workspace/frappe-dev/.venv/bin/bench set-config -g redis_queue redis://127.0.0.1:6380
2025-10-07 19:40:07,050 INFO /Users/thaidoantuan/workspace/frappe-dev/.venv/bin/bench set-config -g redis_socketio redis://127.0.0.1:6381
2025-10-07 19:40:07,460 INFO /Users/thaidoantuan/workspace/frappe-dev/.venv/bin/bench --site erp.local list-apps
2025-10-07 19:40:07,908 INFO /Users/thaidoantuan/workspace/frappe-dev/.venv/bin/bench drop-site erp.local --root-password frappe --force
2025-10-07 19:40:08,515 INFO /Users/thaidoantuan/workspace/frappe-dev/.venv/bin/bench new-site erp.local --admin-password admin --mariadb-root-password frappe --db-host 127.0.0.1 --db-port 3307 --no-mariadb-socket
2025-10-07 19:40:19,615 INFO /Users/thaidoantuan/workspace/frappe-dev/.venv/bin/bench set-config -g redis_cache redis://127.0.0.1:6379
2025-10-07 19:40:20,029 INFO /Users/thaidoantuan/workspace/frappe-dev/.venv/bin/bench set-config -g redis_queue redis://127.0.0.1:6380
2025-10-07 19:40:20,433 INFO /Users/thaidoantuan/workspace/frappe-dev/.venv/bin/bench set-config -g redis_socketio redis://127.0.0.1:6381
2025-10-07 19:40:20,844 INFO /Users/thaidoantuan/workspace/frappe-dev/.venv/bin/bench --site erp.local set-config db_port 3307
2025-10-07 19:40:21,245 INFO /Users/thaidoantuan/workspace/frappe-dev/.venv/bin/bench --site erp.local list-apps
2025-10-07 19:40:21,677 INFO /Users/thaidoantuan/workspace/frappe-dev/.venv/bin/bench --site erp.local install-app erpnext
2025-10-07 19:40:46,510 INFO /Users/thaidoantuan/workspace/frappe-dev/.venv/bin/bench --site erp.local set-config developer_mode 1
2025-10-07 19:40:46,928 INFO /Users/thaidoantuan/workspace/frappe-dev/.venv/bin/bench --site erp.local set-config host_name erp.local
2025-10-07 19:40:47,318 INFO /Users/thaidoantuan/workspace/frappe-dev/.venv/bin/bench set-default-site erp.local
2025-10-07 19:42:40,046 INFO /Users/thaidoantuan/workspace/frappe-dev/.venv/bin/bench start
2025-10-07 19:42:40,428 INFO /Users/thaidoantuan/workspace/frappe-dev/.venv/bin/bench serve --port 8000
2025-10-07 19:42:40,430 INFO /Users/thaidoantuan/workspace/frappe-dev/.venv/bin/bench worker
2025-10-07 19:42:40,430 INFO /Users/thaidoantuan/workspace/frappe-dev/.venv/bin/bench watch
2025-10-07 19:42:40,433 INFO /Users/thaidoantuan/workspace/frappe-dev/.venv/bin/bench schedule
2025-10-07 19:44:39,361 INFO /Users/thaidoantuan/workspace/frappe-dev/.venv/bin/bench set-config -g socketio_port 9100
2025-10-07 19:44:41,662 INFO /Users/thaidoantuan/workspace/frappe-dev/.venv/bin/bench start
2025-10-07 19:44:41,966 INFO /Users/thaidoantuan/workspace/frappe-dev/.venv/bin/bench schedule
2025-10-07 19:44:41,968 INFO /Users/thaidoantuan/workspace/frappe-dev/.venv/bin/bench serve --port 8000
2025-10-07 19:44:41,968 INFO /Users/thaidoantuan/workspace/frappe-dev/.venv/bin/bench watch
2025-10-07 19:44:41,969 INFO /Users/thaidoantuan/workspace/frappe-dev/.venv/bin/bench worker
2025-10-07 19:45:24,063 INFO /Users/thaidoantuan/workspace/frappe-dev/.venv/bin/bench use erp.local
2025-10-07 19:45:28,234 INFO /Users/thaidoantuan/workspace/frappe-dev/.venv/bin/bench start
2025-10-07 19:45:28,510 INFO /Users/thaidoantuan/workspace/frappe-dev/.venv/bin/bench serve --port 8001
2025-10-07 19:45:28,511 INFO /Users/thaidoantuan/workspace/frappe-dev/.venv/bin/bench schedule
2025-10-07 19:45:28,513 INFO /Users/thaidoantuan/workspace/frappe-dev/.venv/bin/bench worker
2025-10-07 19:45:28,513 INFO /Users/thaidoantuan/workspace/frappe-dev/.venv/bin/bench watch
2025-10-07 19:53:40,678 INFO /Users/thaidoantuan/workspace/frappe-dev/.venv/bin/bench start
2025-10-07 19:53:40,962 INFO /Users/thaidoantuan/workspace/frappe-dev/.venv/bin/bench worker
2025-10-07 19:53:40,963 INFO /Users/thaidoantuan/workspace/frappe-dev/.venv/bin/bench serve --port 8000
2025-10-07 19:53:40,964 INFO /Users/thaidoantuan/workspace/frappe-dev/.venv/bin/bench watch
2025-10-07 19:53:40,965 INFO /Users/thaidoantuan/workspace/frappe-dev/.venv/bin/bench schedule
2025-10-07 19:54:59,098 INFO /Users/thaidoantuan/workspace/frappe-dev/.venv/bin/bench start
2025-10-07 19:54:59,373 INFO /Users/thaidoantuan/workspace/frappe-dev/.venv/bin/bench schedule
2025-10-07 19:54:59,373 INFO /Users/thaidoantuan/workspace/frappe-dev/.venv/bin/bench watch
2025-10-07 19:54:59,373 INFO /Users/thaidoantuan/workspace/frappe-dev/.venv/bin/bench worker
2025-10-07 19:54:59,374 INFO /Users/thaidoantuan/workspace/frappe-dev/.venv/bin/bench serve --port 8000
